
> ahlquran-react@0.2.0 build
> tsc -b && vite build

[36mvite v5.4.21 [32mbuilding for production...[36m[39m
transforming...
[baseline-browser-mapping] The data in this module is over two months old.  To ensure accurate Baseline data, please update: `npm i baseline-browser-mapping@latest -D`
Browserslist: browsers data (caniuse-lite) is 6 months old. Please run:
  npx update-browserslist-db@latest
  Why you should do it regularly: https://github.com/browserslist/update-db#readme
[32m✓[39m 2834 modules transformed.
rendering chunks...
computing gzip size...
[2mdist/[22m[32mindex.html                 [39m[1m[2m    0.57 kB[22m[1m[22m[2m │ gzip:   0.36 kB[22m
[2mdist/[22m[35massets/index-D_78KwJg.css  [39m[1m[2m   28.25 kB[22m[1m[22m[2m │ gzip:   6.11 kB[22m
[2mdist/[22m[36massets/xlsx-D_0l8YDs.js    [39m[1m[2m  429.03 kB[22m[1m[22m[2m │ gzip: 143.08 kB[22m
[2mdist/[22m[36massets/index-JGFnzvI3.js   [39m[1m[33m1,060.16 kB[39m[22m[2m │ gzip: 306.06 kB[22m
[33m
(!) Some chunks are larger than 500 kB after minification. Consider:
- Using dynamic import() to code-split the application
- Use build.rollupOptions.output.manualChunks to improve chunking: https://rollupjs.org/configuration-options/#output-manualchunks
- Adjust chunk size limit for this warning via build.chunkSizeWarningLimit.[39m
[32m✓ built in 11.78s[39m
